To honour the JVM settings for this build a single-use Daemon process will be forked. See https://docs.gradle.org/7.6.4/userguide/gradle_daemon.html#sec:disabling_the_daemon.
Daemon will be stopped at the end of the build 

> Configure project :Forge
MixinGradle did not locate the diffplug APT plugin, skipping eclipse task configuration
WARNING: This project is configured to use the official obfuscation mappings provided by Mojang. These mapping fall under their associated license, you should be fully aware of this license. For the latest license text, refer below, or the reference copy here: https://github.com/MinecraftForge/MCPConfig/blob/master/Mojang.md, You can hide this warning by running the `hideOfficialWarningUntilChanged` task
WARNING: (c) 2020 Microsoft Corporation. These mappings are provided "as-is" and you bear the risk of using them. You may copy and use the mappings for development purposes, but you may not redistribute the mappings complete and unmodified. Microsoft makes no warranties, express or implied, with respect to the mappings provided here.  Use and modification of this document or the source code (in any form) of Minecraft: Java Edition is governed by the Minecraft End User License Agreement available at https://account.mojang.com/documents/minecraft_eula.

> Task :Common:compileJava SKIPPED
> Task :Common:processResources UP-TO-DATE
> Task :Common:classes UP-TO-DATE
> Task :Common:jar SKIPPED
> Task :Forge:downloadMcpConfig
> Task :Forge:extractSrg UP-TO-DATE
> Task :Forge:createMcpToSrg UP-TO-DATE
> Task :Forge:compileJava UP-TO-DATE
> Task :Forge:addMixinsToJar
> Task :Forge:processResources
> Task :Forge:classes
> Task :Forge:jar
> Task :Forge:devJar
> Task :Forge:configureReobfTaskForReobfJar
> Task :Forge:reobfJar
> Task :Forge:configureReobfTaskForReobfJarJar
> Task :Forge:addMixinsToJarJar
> Task :Forge:jarJar SKIPPED
> Task :Forge:reobfJarJar SKIPPED
> Task :Forge:assemble

> Task :Forge:compileTestJava
C:\Users\Nirsland\Documents\MCT Reborn\MoreCreativeTabsReborn-1.19\Common\src\main\java\me\hypherionmc\morecreativetabs\util\CreativeTabUtils.java:31: warning: [removal] tab_icon in CustomCreativeTab has been deprecated and marked for removal
        } else if (json.tab_icon != null) {
                       ^
C:\Users\Nirsland\Documents\MCT Reborn\MoreCreativeTabsReborn-1.19\Common\src\main\java\me\hypherionmc\morecreativetabs\util\CreativeTabUtils.java:33: warning: [removal] tab_icon in CustomCreativeTab has been deprecated and marked for removal
            tabIcon.name = json.tab_icon;
                               ^
C:\Users\Nirsland\Documents\MCT Reborn\MoreCreativeTabsReborn-1.19\Common\src\main\java\me\hypherionmc\morecreativetabs\client\tabs\CustomCreativeTabManager.java:85: warning: [removal] tab_icon in CustomCreativeTab has been deprecated and marked for removal
                            && (json.tab_icon == null || json.tab_icon.isBlank()))
                                    ^
C:\Users\Nirsland\Documents\MCT Reborn\MoreCreativeTabsReborn-1.19\Common\src\main\java\me\hypherionmc\morecreativetabs\client\tabs\CustomCreativeTabManager.java:85: warning: [removal] tab_icon in CustomCreativeTab has been deprecated and marked for removal
                            && (json.tab_icon == null || json.tab_icon.isBlank()))
                                                             ^
Note: Some input files use or override a deprecated API.
Note: Recompile with -Xlint:deprecation for details.
4 warnings

> Task :Forge:processTestResources NO-SOURCE
> Task :Forge:testClasses
> Task :Forge:test
> Task :Forge:check
> Task :Forge:build
> Task :collectForgeOutput

Deprecated Gradle features were used in this build, making it incompatible with Gradle 8.0.

You can use '--warning-mode all' to show the individual deprecation warnings and determine if they come from your own scripts or plugins.

See https://docs.gradle.org/7.6.4/userguide/command_line_interface.html#sec:command_line_warnings

BUILD SUCCESSFUL in 25s
16 actionable tasks: 12 executed, 4 up-to-date
